// Jest Snapshot v1, https://goo.gl/fbAQLP

exports[`Refs Interconnect 1`] = `[]`;

exports[`Verify hierarchy shows as expected 1`] = `[]`;

exports[`Verify hierarchy shows as expected 2`] = `[]`;

exports[`Verify hierarchy shows as expected 3`] = `[]`;

exports[`Verify hierarchy shows as expected 4`] = `[]`;

exports[`Verify hierarchy shows as expected 5`] = `[]`;

exports[`Verify hierarchy shows as expected 6`] = `[]`;

exports[`Verify hierarchy shows as expected 7`] = `[]`;

exports[`Verify hierarchy shows as expected 8`] = `[]`;

exports[`Verify hierarchy shows as expected 9`] = `[]`;

exports[`Verify hierarchy shows as expected 10`] = `[]`;
